Microchip MPLAB XC8 Compiler V1.38 ()

Linker command line:

-W-3 --edf=C:\Program Files (x86)\Microchip\xc8\v1.38\dat\en_msgs.txt -cs \
  -h+dist/default/production\sharp_test.X.production.sym \
  --cmf=dist/default/production\sharp_test.X.production.cmf -z -Q16F887 \
  -oC:\Users\Hiran\AppData\Local\Temp\sa34.2 \
  -Mdist/default/production/sharp_test.X.production.map -E1 -ver=XC8 \
  -ASTACK=0110h-016fh -pstack=STACK -ACODE=00h-07FFhx4 -ASTRCODE=00h-01FFFh \
  -ASTRING=00h-0FFhx32 -ACONST=00h-0FFhx32 -AENTRY=00h-0FFhx32 \
  -ACOMMON=070h-07Fh -ABANK0=020h-06Fh -ABANK1=0A0h-0EFh \
  -ABANK2=0110h-016Fh -ABANK3=0190h-01EFh \
  -ARAM=020h-06Fh,0A0h-0EFh,0110h-016Fh,0190h-01EFh \
  -AABS1=020h-07Fh,0A0h-0EFh,0110h-016Fh,0190h-01EFh -ASFR0=00h-01Fh \
  -ASFR1=080h-09Fh -ASFR2=0100h-010Fh -ASFR3=0180h-018Fh \
  -preset_vec=00h,intentry,init,end_init -ppowerup=CODE -pcinit=CODE \
  -pfunctab=CODE -ACONFIG=02007h-02008h -pconfig=CONFIG -DCONFIG=2 \
  -AIDLOC=02000h-02003h -pidloc=IDLOC -DIDLOC=2 -AEEDATA=00h-0FFh/02100h \
  -peeprom_data=EEDATA -DEEDATA=2 -DCODE=2 -DSTRCODE=2 -DSTRING=2 -DCONST=2 \
  -DENTRY=2 -k C:\Users\Hiran\AppData\Local\Temp\sa34.obj \
  dist/default/production\sharp_test.X.production.obj 

Object code version is 3.11

Machine type is 16F887



                Name                               Link     Load   Length Selector   Space Scale
C:\Users\Hiran\AppData\Local\Temp\sa34.obj
                end_init                              0        0        3        0       0
                config                             2007     2007        2     400E       0
dist/default/production\sharp_test.X.production.obj
                cinit                               7DA      7DA       26      FB4       0
                text31                              9AE      9AE       1A     135C       0
                text30                              9C8      9C8       1A     1390       0
                text29                              992      992        B     1324       0
                text28                              BFD      BFD       5B     17FA       0
                text27                              B0F      B0F       4A     161E       0
                text26                                9        9       39       12       0
                text25                              A40      A40       22     1480       0
                text24                              BA4      BA4       59     1748       0
                text23                              CB7      CB7       6C     196E       0
                text22                              A62      A62       2B     14C4       0
                text21                              9FE      9FE       21     13FC       0
                text20                               42       42       B8       84       0
                text19                              456      456      109      8AC       0
                text18                              A1F      A1F       21     143E       0
                text17                              99D      99D       11     133A       0
                text16                              28B      28B       D3      516       0
                text15                              D23      D23       79     1A46       0
                text14                              ACD      ACD       42     159A       0
                text13                              C58      C58       5F     18B0       0
                text12                              D9C      D9C       8E     1B38       0
                text11                              A8D      A8D       40     151A       0
                text10                              E2A      E2A       99     1C54       0
                text9                               98A      98A        8     1314       0
                text8                               EC3      EC3       99     1D86       0
                text7                               693      693      147      D26       0
                text6                               1BD      1BD       CE      37A       0
                text5                               35E      35E       F8      6BC       0
                text4                                FA       FA       C3      1F4       0
                text3                               F5C      F5C       A4     1EB8       0
                text2                               9E2      9E2       1C     13C4       0
                text1                               B59      B59       4B     16B2       0
                maintext                            55F      55F      134      ABE       0
                cstackBANK0                          20       20       50       20       1
                cstackCOMMON                         70       70        E       70       1
                cstackBANK1                          A0       A0       1D       A0       1
                dataBANK1                            BD       BD        5       A0       1
                bssBANK1                             C2       C2        4       A0       1
                strings                             800      800       65     1000       0
                idataBANK1                            4        4        5        8       0

TOTAL           Name                               Link     Load   Length     Space
        CLASS   STACK          

        CLASS   CODE           
                end_init                              0        0        3         0
                cinit                               7DA      7DA       26         0
                text31                              9AE      9AE       1A         0
                text30                              9C8      9C8       1A         0
                text29                              992      992        B         0
                text28                              BFD      BFD       5B         0
                text27                              B0F      B0F       4A         0
                text26                                9        9       39         0
                text25                              A40      A40       22         0
                text24                              BA4      BA4       59         0
                text23                              CB7      CB7       6C         0
                text22                              A62      A62       2B         0
                text21                              9FE      9FE       21         0
                text20                               42       42       B8         0
                text19                              456      456      109         0
                text18                              A1F      A1F       21         0
                text17                              99D      99D       11         0
                text16                              28B      28B       D3         0
                text15                              D23      D23       79         0
                text14                              ACD      ACD       42         0
                text13                              C58      C58       5F         0
                text12                              D9C      D9C       8E         0
                text11                              A8D      A8D       40         0
                text10                              E2A      E2A       99         0
                text9                               98A      98A        8         0
                text8                               EC3      EC3       99         0
                text7                               693      693      147         0
                text6                               1BD      1BD       CE         0
                text5                               35E      35E       F8         0
                text4                                FA       FA       C3         0
                text3                               F5C      F5C       A4         0
                text2                               9E2      9E2       1C         0
                text1                               B59      B59       4B         0
                maintext                            55F      55F      134         0
                idataBANK1                            4        4        5         0

        CLASS   STRCODE        

        CLASS   STRING         
                strings                             800      800       65         0

        CLASS   CONST          

        CLASS   ENTRY          

        CLASS   COMMON         
                cstackCOMMON                         70       70        E         1

        CLASS   BANK0          
                cstackBANK0                          20       20       50         1

        CLASS   BANK1          
                cstackBANK1                          A0       A0       1D         1
                dataBANK1                            BD       BD        5         1
                bssBANK1                             C2       C2        4         1

        CLASS   BANK2          

        CLASS   BANK3          

        CLASS   RAM            

        CLASS   ABS1           
                abs_s1                               7E       7E        2         1

        CLASS   SFR0           

        CLASS   SFR1           

        CLASS   SFR2           

        CLASS   SFR3           

        CLASS   CONFIG         
                config                             2007     2007        2         0

        CLASS   IDLOC          

        CLASS   EEDATA         



SEGMENTS        Name                           Load    Length   Top    Selector   Space  Class     Delta

                reset_vec                      000000  000003  000003         0       0  CODE        2
                idataBANK1                     000004  000005  000009         8       0  CODE        2
                text26                         000009  000039  000042        12       0  CODE        2
                cstackBANK0                    000020  000050  000070        20       1  BANK0       1
                cstackCOMMON                   000070  00000E  00007E        70       1  COMMON      1
                text20                         000042  0000B8  0000FA        84       0  CODE        2
                cstackBANK1                    0000A0  000026  0000C6        A0       1  BANK1       1
                text4                          0000FA  0000C3  0001BD       1F4       0  CODE        2
                text6                          0001BD  0000CE  00028B       37A       0  CODE        2
                text16                         00028B  0000D3  00035E       516       0  CODE        2
                text5                          00035E  0000F8  000456       6BC       0  CODE        2
                text19                         000456  000109  00055F       8AC       0  CODE        2
                maintext                       00055F  000134  000693       ABE       0  CODE        2
                text7                          000693  000147  0007DA       D26       0  CODE        2
                cinit                          0007DA  000026  000800       FB4       0  CODE        2
                strings                        000800  000065  000865      1000       0  STRING      2
                text9                          00098A  000008  000992      1314       0  CODE        2
                text29                         000992  00000B  00099D      1324       0  CODE        2
                text17                         00099D  000011  0009AE      133A       0  CODE        2
                text31                         0009AE  00001A  0009C8      135C       0  CODE        2
                text30                         0009C8  00001A  0009E2      1390       0  CODE        2
                text2                          0009E2  00001C  0009FE      13C4       0  CODE        2
                text21                         0009FE  000021  000A1F      13FC       0  CODE        2
                text18                         000A1F  000021  000A40      143E       0  CODE        2
                text25                         000A40  000022  000A62      1480       0  CODE        2
                text22                         000A62  00002B  000A8D      14C4       0  CODE        2
                text11                         000A8D  000040  000ACD      151A       0  CODE        2
                text14                         000ACD  000042  000B0F      159A       0  CODE        2
                text27                         000B0F  00004A  000B59      161E       0  CODE        2
                text1                          000B59  00004B  000BA4      16B2       0  CODE        2
                text24                         000BA4  000059  000BFD      1748       0  CODE        2
                text28                         000BFD  00005B  000C58      17FA       0  CODE        2
                text13                         000C58  00005F  000CB7      18B0       0  CODE        2
                text23                         000CB7  00006C  000D23      196E       0  CODE        2
                text15                         000D23  000079  000D9C      1A46       0  CODE        2
                text12                         000D9C  00008E  000E2A      1B38       0  CODE        2
                text10                         000E2A  000099  000EC3      1C54       0  CODE        2
                text8                          000EC3  000099  000F5C      1D86       0  CODE        2
                text3                          000F5C  0000A4  001000      1EB8       0  CODE        2
                config                         002007  000002  002009      400E       0  CONFIG      2


UNUSED ADDRESS RANGES

        Name                Unused          Largest block    Delta
        BANK1            00C6-00EF             2A           1
        BANK2            0110-016F             60           1
        BANK3            0190-01EF             60           1
        CODE             0003-0003              1           2
                         0865-0989            125
                         1000-1FFF            800
        CONST            0003-0003              1           2
                         0865-0989             9B
                         1000-1FFF            100
        EEDATA           2100-21FF            100           2
        ENTRY            0003-0003              1           2
                         0865-0989             9B
                         1000-1FFF            100
        IDLOC            2000-2003              4           2
        RAM              00C6-00EF             2A           1
                         0110-016F             60
                         0190-01EF             60
        SFR0             0000-001F             20           1
        SFR1             0080-009F             20           1
        SFR2             0100-010F             10           1
        SFR3             0180-018F             10           1
        STACK            0110-016F             60           1
        STRCODE          0003-0003              1           2
                         0865-0989            125
                         1000-1FFF           1000
        STRING           0003-0003              1           2
                         0865-0989             9B
                         1000-1FFF            100

                                  Symbol Table

?_Process                  cstackBANK1  00AB
?___altoft                 cstackBANK0  003E
?___awdiv                  cstackCOMMON 0070
?___awmod                  cstackCOMMON 0070
?___awtoft                 cstackCOMMON 0078
?___ftadd                  cstackBANK0  0030
?___ftdiv                  cstackBANK0  0030
?___ftmul                  cstackBANK0  0020
?___ftneg                  cstackCOMMON 0070
?___ftpack                 cstackCOMMON 0070
?___ftsub                  cstackBANK0  003D
?___fttol                  cstackBANK0  0030
?___lltoft                 cstackCOMMON 0078
?_analogRead               cstackBANK1  00A0
?_eval_poly                cstackBANK0  003D
?_exp                      cstackBANK0  0051
?_floor                    cstackBANK0  0046
?_frexp                    cstackCOMMON 0070
?_ldexp                    cstackBANK0  0047
?_log                      cstackBANK0  0047
?_pow                      cstackBANK0  005E
Lcd_Cmd@a                  cstackCOMMON 0073
Lcd_Port@a                 cstackCOMMON 0070
Lcd_Set_Cursor@a           cstackCOMMON 0077
Lcd_Set_Cursor@b           cstackCOMMON 0074
Lcd_Set_Cursor@temp        cstackCOMMON 007A
Lcd_Set_Cursor@y           cstackCOMMON 0079
Lcd_Set_Cursor@z           cstackCOMMON 0078
Lcd_Write_Char@a           cstackCOMMON 0074
Lcd_Write_Char@temp        cstackCOMMON 0072
Lcd_Write_Char@y           cstackCOMMON 0073
Lcd_Write_String@a         cstackCOMMON 0077
Lcd_Write_String@i         cstackCOMMON 0075
Process@accurateDistance   cstackBANK1  00B0
Process@channel            cstackBANK1  00AB
Process@foo                cstackBANK1  00B8
Process@i                  cstackBANK1  00B4
Process@p                  cstackBANK1  00B2
Process@previousDistance   cstackBANK1  00AE
Process@sum                cstackBANK1  00B6
_ADCON0bits                (abs)        001F
_ADCON1bits                (abs)        009F
_ADRESH                    (abs)        001E
_ADRESL                    (abs)        009E
_ANSEL                     (abs)        0188
_ANSELH                    (abs)        0189
_ANSELbits                 (abs)        0188
_Lcd_Clear                 text29       0992
_Lcd_Cmd                   text30       09C8
_Lcd_Init                  text28       0BFD
_Lcd_Port                  text31       09AE
_Lcd_Set_Cursor            text27       0B0F
_Lcd_Write_Char            text26       0009
_Lcd_Write_String          text25       0A40
_Process                   text3        0F5C
_RD2                       (abs)        0042
_RD3                       (abs)        0043
_RD4                       (abs)        0044
_RD5                       (abs)        0045
_RD6                       (abs)        0046
_RD7                       (abs)        0047
_Sharp_Init                text2        09E2
_TRISA                     (abs)        0085
_TRISAbits                 (abs)        0085
_TRISD                     (abs)        0088
__CFG_BOR4V$BOR40V         (abs)        0000
__CFG_BOREN$OFF            (abs)        0000
__CFG_CP$OFF               (abs)        0000
__CFG_CPD$OFF              (abs)        0000
__CFG_FCMEN$OFF            (abs)        0000
__CFG_FOSC$HS              (abs)        0000
__CFG_IESO$OFF             (abs)        0000
__CFG_LVP$OFF              (abs)        0000
__CFG_MCLRE$ON             (abs)        0000
__CFG_PWRTE$OFF            (abs)        0000
__CFG_WDTE$OFF             (abs)        0000
__CFG_WRT$OFF              (abs)        0000
__Habs1                    abs1         0000
__Hbank0                   bank0        0000
__Hbank1                   bank1        0000
__Hbank2                   bank2        0000
__Hbank3                   bank3        0000
__HbssBANK1                bssBANK1     0000
__Hcinit                   cinit        0800
__Hclrtext                 clrtext      0000
__Hcode                    code         0000
__Hcommon                  common       0000
__Hconfig                  config       2009
__HcstackBANK0             cstackBANK0  0000
__HcstackBANK1             cstackBANK1  0000
__HcstackCOMMON            cstackCOMMON 0000
__HdataBANK1               dataBANK1    0000
__Heeprom_data             eeprom_data  0000
__Hend_init                end_init     0003
__Hfunctab                 functab      0000
__HidataBANK1              idataBANK1   0000
__Hidloc                   idloc        0000
__Hinit                    init         0000
__Hintentry                intentry     0000
__Hmaintext                maintext     0000
__Hpowerup                 powerup      0000
__Hram                     ram          0000
__Hreset_vec               reset_vec    0000
__Hsfr0                    sfr0         0000
__Hsfr1                    sfr1         0000
__Hsfr2                    sfr2         0000
__Hsfr3                    sfr3         0000
__Hspace_0                 (abs)        2009
__Hspace_1                 (abs)        00C6
__Hspace_2                 (abs)        0000
__Hspace_3                 (abs)        0000
__Hstack                   stack        0000
__Hstrings                 strings      0000
__Htext                    text         0000
__Labs1                    abs1         0000
__Lbank0                   bank0        0000
__Lbank1                   bank1        0000
__Lbank2                   bank2        0000
__Lbank3                   bank3        0000
__LbssBANK1                bssBANK1     0000
__Lcinit                   cinit        07DA
__Lclrtext                 clrtext      0000
__Lcode                    code         0000
__Lcommon                  common       0000
__Lconfig                  config       2007
__LcstackBANK0             cstackBANK0  0000
__LcstackBANK1             cstackBANK1  0000
__LcstackCOMMON            cstackCOMMON 0000
__LdataBANK1               dataBANK1    0000
__Leeprom_data             eeprom_data  0000
__Lend_init                end_init     0000
__Lfunctab                 functab      0000
__LidataBANK1              idataBANK1   0000
__Lidloc                   idloc        0000
__Linit                    init         0000
__Lintentry                intentry     0000
__Lmaintext                maintext     0000
__Lpowerup                 powerup      0000
__Lram                     ram          0000
__Lreset_vec               reset_vec    0000
__Lsfr0                    sfr0         0000
__Lsfr1                    sfr1         0000
__Lsfr2                    sfr2         0000
__Lsfr3                    sfr3         0000
__Lspace_0                 (abs)        0000
__Lspace_1                 (abs)        0000
__Lspace_2                 (abs)        0000
__Lspace_3                 (abs)        0000
__Lstack                   stack        0000
__Lstrings                 strings      0000
__Ltext                    text         0000
__S0                       (abs)        2009
__S1                       (abs)        00C6
__S2                       (abs)        0000
__S3                       (abs)        0000
___altoft                  text14       0ACD
___altoft@c                cstackBANK0  003E
___altoft@exp              cstackBANK0  0044
___altoft@sign             cstackBANK0  0045
___awdiv                   text24       0BA4
___awdiv@counter           cstackCOMMON 0075
___awdiv@dividend          cstackCOMMON 0072
___awdiv@divisor           cstackCOMMON 0070
___awdiv@quotient          cstackCOMMON 0077
___awdiv@sign              cstackCOMMON 0076
___awmod                   text1        0B59
___awmod@counter           cstackCOMMON 0075
___awmod@dividend          cstackCOMMON 0072
___awmod@divisor           cstackCOMMON 0070
___awmod@sign              cstackCOMMON 0076
___awtoft                  text21       09FE
___awtoft@c                cstackCOMMON 0078
___awtoft@sign             cstackCOMMON 007D
___bmul                    text17       099D
___bmul@multiplicand       cstackCOMMON 0070
___bmul@multiplier         cstackCOMMON 0073
___bmul@product            cstackCOMMON 0072
___ftadd                   text19       0456
___ftadd@exp1              cstackBANK0  003C
___ftadd@exp2              cstackBANK0  003B
___ftadd@f1                cstackBANK0  0030
___ftadd@f2                cstackBANK0  0033
___ftadd@sign              cstackBANK0  003A
___ftdiv                   text20       0042
___ftdiv@cntr              cstackBANK0  003A
___ftdiv@exp               cstackBANK0  003E
___ftdiv@f1                cstackBANK0  0033
___ftdiv@f2                cstackBANK0  0030
___ftdiv@f3                cstackBANK0  003B
___ftdiv@sign              cstackBANK0  003F
___ftge                    text13       0C58
___ftge@ff1                cstackBANK0  0030
___ftge@ff2                cstackBANK0  0033
___ftmul                   text16       028B
___ftmul@cntr              cstackBANK0  002E
___ftmul@exp               cstackBANK0  002A
___ftmul@f1                cstackBANK0  0020
___ftmul@f2                cstackBANK0  0023
___ftmul@f3_as_product     cstackBANK0  002B
___ftmul@sign              cstackBANK0  002F
___ftneg                   text9        098A
___ftneg@f1                cstackCOMMON 0070
___ftpack                  text23       0CB7
___ftpack@arg              cstackCOMMON 0070
___ftpack@exp              cstackCOMMON 0073
___ftpack@sign             cstackCOMMON 0074
___ftsub                   text18       0A1F
___ftsub@f1                cstackBANK0  0040
___ftsub@f2                cstackBANK0  003D
___fttol                   text12       0D9C
___fttol@exp1              cstackBANK0  003D
___fttol@f1                cstackBANK0  0030
___fttol@lval              cstackBANK0  0039
___fttol@sign1             cstackBANK0  0038
___int_sp                  stack        0000
___latbits                 (abs)        0002
___lltoft                  text22       0A62
___lltoft@c                cstackCOMMON 0078
___lltoft@exp              cstackCOMMON 007D
___sp                      stack        0000
__end_of_Lcd_Clear         text29       099D
__end_of_Lcd_Cmd           text30       09E2
__end_of_Lcd_Init          text28       0C58
__end_of_Lcd_Port          text31       09C8
__end_of_Lcd_Set_Cursor    text27       0B59
__end_of_Lcd_Write_Char    text26       0042
__end_of_Lcd_Write_String  text25       0A62
__end_of_Process           text3        1000
__end_of_Sharp_Init        text2        09FE
__end_of___altoft          text14       0B0F
__end_of___awdiv           text24       0BFD
__end_of___awmod           text1        0BA4
__end_of___awtoft          text21       0A1F
__end_of___bmul            text17       09AE
__end_of___ftadd           text19       055F
__end_of___ftdiv           text20       00FA
__end_of___ftge            text13       0CB7
__end_of___ftmul           text16       035E
__end_of___ftneg           text9        0992
__end_of___ftpack          text23       0D23
__end_of___ftsub           text18       0A40
__end_of___fttol           text12       0E2A
__end_of___lltoft          text22       0A8D
__end_of__initialization   cinit        07FC
__end_of__stringtab        strings      0806
__end_of_analogRead        text4        01BD
__end_of_eval_poly         text15       0D9C
__end_of_exp               text7        07DA
__end_of_floor             text10       0EC3
__end_of_frexp             text11       0ACD
__end_of_ldexp             text8        0F5C
__end_of_log               text6        028B
__end_of_main              maintext     0693
__end_of_pow               text5        0456
__end_ofexp@coeff          strings      0824
__end_oflog@coeff          strings      083F
__initialization           cinit        07DA
__pbssBANK1                bssBANK1     00C2
__pcstackBANK0             cstackBANK0  0020
__pcstackBANK1             cstackBANK1  00A0
__pcstackCOMMON            cstackCOMMON 0070
__pdataBANK1               dataBANK1    00BD
__pidataBANK1              idataBANK1   0004
__pmaintext                maintext     055F
__pstrings                 strings      0800
__ptext1                   text1        0B59
__ptext10                  text10       0E2A
__ptext11                  text11       0A8D
__ptext12                  text12       0D9C
__ptext13                  text13       0C58
__ptext14                  text14       0ACD
__ptext15                  text15       0D23
__ptext16                  text16       028B
__ptext17                  text17       099D
__ptext18                  text18       0A1F
__ptext19                  text19       0456
__ptext2                   text2        09E2
__ptext20                  text20       0042
__ptext21                  text21       09FE
__ptext22                  text22       0A62
__ptext23                  text23       0CB7
__ptext24                  text24       0BA4
__ptext25                  text25       0A40
__ptext26                  text26       0009
__ptext27                  text27       0B0F
__ptext28                  text28       0BFD
__ptext29                  text29       0992
__ptext3                   text3        0F5C
__ptext30                  text30       09C8
__ptext31                  text31       09AE
__ptext4                   text4        00FA
__ptext5                   text5        035E
__ptext6                   text6        01BD
__ptext7                   text7        0693
__ptext8                   text8        0EC3
__ptext9                   text9        098A
__size_of_Lcd_Clear        (abs)        0000
__size_of_Lcd_Cmd          (abs)        0000
__size_of_Lcd_Init         (abs)        0000
__size_of_Lcd_Port         (abs)        0000
__size_of_Lcd_Set_Cursor   (abs)        0000
__size_of_Lcd_Write_Char   (abs)        0000
__size_of_Lcd_Write_String (abs)        0000
__size_of_Process          (abs)        0000
__size_of_Sharp_Init       (abs)        0000
__size_of___altoft         (abs)        0000
__size_of___awdiv          (abs)        0000
__size_of___awmod          (abs)        0000
__size_of___awtoft         (abs)        0000
__size_of___bmul           (abs)        0000
__size_of___ftadd          (abs)        0000
__size_of___ftdiv          (abs)        0000
__size_of___ftge           (abs)        0000
__size_of___ftmul          (abs)        0000
__size_of___ftneg          (abs)        0000
__size_of___ftpack         (abs)        0000
__size_of___ftsub          (abs)        0000
__size_of___fttol          (abs)        0000
__size_of___lltoft         (abs)        0000
__size_of_analogRead       (abs)        0000
__size_of_eval_poly        (abs)        0000
__size_of_exp              (abs)        0000
__size_of_floor            (abs)        0000
__size_of_frexp            (abs)        0000
__size_of_ldexp            (abs)        0000
__size_of_log              (abs)        0000
__size_of_main             (abs)        0000
__size_of_pow              (abs)        0000
__stringbase               strings      0805
__stringtab                strings      0800
_a                         bssBANK1     00C2
_analogRead                text4        00FA
_analogRead$732            cstackBANK1  00A6
_avg                       dataBANK1    00C0
_errno                     bssBANK1     00C4
_eval_poly                 text15       0D23
_exp                       text7        0693
_exp$504                   cstackBANK0  0058
_exp$735                   cstackBANK0  0055
_floor                     text10       0E2A
_frexp                     text11       0A8D
_ldexp                     text8        0EC3
_ldexp$541                 cstackBANK0  004E
_log                       text6        01BD
_main                      maintext     055F
_pow                       text5        035E
_pow$733                   cstackBANK0  0065
_pow$734                   cstackBANK0  0068
_tol                       dataBANK1    00BD
analogRead@channel         cstackBANK1  00A0
analogRead@raw             cstackBANK1  00A9
analogRead@volt            cstackBANK1  00A3
btemp                      (abs)        007E
end_of_initialization      cinit        07FC
eval_poly@d                cstackBANK0  0040
eval_poly@n                cstackBANK0  0041
eval_poly@res              cstackBANK0  0044
eval_poly@x                cstackBANK0  003D
exp@coeff                  strings      0806
exp@exponent               cstackBANK0  005B
exp@sign                   cstackBANK0  005D
exp@x                      cstackBANK0  0051
floor@expon                cstackBANK0  004D
floor@i                    cstackBANK0  004A
floor@x                    cstackBANK0  0046
frexp@eptr                 cstackCOMMON 0073
frexp@value                cstackCOMMON 0070
intlevel0                  functab      0000
intlevel1                  functab      0000
intlevel2                  functab      0000
intlevel3                  functab      0000
intlevel4                  functab      0000
intlevel5                  functab      0000
ldexp@newexp               cstackBANK0  004A
ldexp@value                cstackBANK0  0047
log@coeff                  strings      0824
log@exponent               cstackBANK0  004B
log@x                      cstackBANK0  0047
ltemp                      (abs)        007E
ltemp0                     (abs)        007E
ltemp1                     (abs)        0082
ltemp2                     (abs)        0086
ltemp3                     (abs)        0080
pow@sign                   cstackBANK0  006B
pow@x                      cstackBANK0  005E
pow@y                      cstackBANK0  0061
pow@yi                     cstackBANK0  006C
reset_vec                  reset_vec    0000
stackhi                    (abs)        0000
stacklo                    (abs)        0000
start                      init         0000
start_initialization       cinit        07DA
ttemp                      (abs)        007E
ttemp0                     (abs)        007E
ttemp1                     (abs)        0081
ttemp2                     (abs)        0084
ttemp3                     (abs)        0087
ttemp4                     (abs)        007F
wtemp                      (abs)        007E
wtemp0                     (abs)        007E
wtemp1                     (abs)        0080
wtemp2                     (abs)        0082
wtemp3                     (abs)        0084
wtemp4                     (abs)        0086
wtemp5                     (abs)        0088
wtemp6                     (abs)        007F


FUNCTION INFORMATION:

 *************** function _main *****************
 Defined at:
		line 36 in file "sharp.c"
 Parameters:    Size  Location     Type
		None
 Auto vars:     Size  Location     Type
		None
 Return value:  Size  Location     Type
                  2  101[None  ] int 
 Registers used:
		wreg, fsr0l, fsr0h, status,2, status,0, btemp+1, pclath, cstack
 Tracked objects:
		On entry : 
		On exit  : 
		Unchanged: 
 Data sizes:     COMMON   BANK0   BANK1   BANK3   BANK2
      Params:         0       0       0       0       0
      Locals:         0       0       0       0       0
      Temps:          0       0       3       0       0
      Totals:         0       0       3       0       0
Total ram usage:        3 bytes
 Hardware stack levels required when called:    7
 This function calls:
		_Lcd_Clear
		_Lcd_Init
		_Lcd_Set_Cursor
		_Lcd_Write_Char
		_Lcd_Write_String
		_Process
		_Sharp_Init
		___awdiv
		___awmod
 This function is called by:
		Startup code after reset
 This function uses a non-reentrant model


 *************** function ___awmod *****************
 Defined at:
		line 6 in file "C:\Program Files (x86)\Microchip\xc8\v1.38\sources\common\awmod.c"
 Parameters:    Size  Location     Type
  divisor         2    0[COMMON] int 
  dividend        2    2[COMMON] int 
 Auto vars:     Size  Location     Type
  sign            1    6[COMMON] unsigned char 
  counter         1    5[COMMON] unsigned char 
 Return value:  Size  Location     Type
                  2    0[COMMON] int 
 Registers used:
		wreg, status,2, status,0
 Tracked objects:
		On entry : 
		On exit  : 
		Unchanged: 
 Data sizes:     COMMON   BANK0   BANK1   BANK3   BANK2
      Params:         4       0       0       0       0
      Locals:         2       0       0       0       0
      Temps:          1       0       0       0       0
      Totals:         7       0       0       0       0
Total ram usage:        7 bytes
 Hardware stack levels used:    1
 This function calls:
		Nothing
 This function is called by:
		_main
 This function uses a non-reentrant model


 *************** function _Sharp_Init *****************
 Defined at:
		line 5 in file "SharpIR.h"
 Parameters:    Size  Location     Type
		None
 Auto vars:     Size  Location     Type
		None
 Return value:  Size  Location     Type
                  1    wreg      void 
 Registers used:
		wreg, status,2, status,0
 Tracked objects:
		On entry : 
		On exit  : 
		Unchanged: 
 Data sizes:     COMMON   BANK0   BANK1   BANK3   BANK2
      Params:         0       0       0       0       0
      Locals:         0       0       0       0       0
      Temps:          0       0       0       0       0
      Totals:         0       0       0       0       0
Total ram usage:        0 bytes
 Hardware stack levels used:    1
 This function calls:
		Nothing
 This function is called by:
		_main
 This function uses a non-reentrant model


 *************** function _Process *****************
 Defined at:
		line 38 in file "SharpIR.h"
 Parameters:    Size  Location     Type
  channel         2   11[BANK1 ] int 
 Auto vars:     Size  Location     Type
  foo             2   24[BANK1 ] int 
  i               2   20[BANK1 ] int 
  sum             2   22[BANK1 ] int 
  p               2   18[BANK1 ] int 
  accurateDist    2   16[BANK1 ] int 
  previousDist    2   14[BANK1 ] int 
 Return value:  Size  Location     Type
                  2   11[BANK1 ] int 
 Registers used:
		wreg, fsr0l, fsr0h, status,2, status,0, btemp+1, pclath, cstack
 Tracked objects:
		On entry : 
		On exit  : 
		Unchanged: 
 Data sizes:     COMMON   BANK0   BANK1   BANK3   BANK2
      Params:         0       0       2       0       0
      Locals:         0       0      12       0       0
      Temps:          0       0       1       0       0
      Totals:         0       0      15       0       0
Total ram usage:       15 bytes
 Hardware stack levels used:    1
 Hardware stack levels required when called:    6
 This function calls:
		___awdiv
		___awtoft
		___ftge
		___ftmul
		_analogRead
 This function is called by:
		_main
 This function uses a non-reentrant model


 *************** function _analogRead *****************
 Defined at:
		line 23 in file "SharpIR.h"
 Parameters:    Size  Location     Type
  channel         2    0[BANK1 ] int 
 Auto vars:     Size  Location     Type
  volt            3    3[BANK1 ] float 
  raw             2    9[BANK1 ] int 
 Return value:  Size  Location     Type
                  2    0[BANK1 ] int 
 Registers used:
		wreg, fsr0l, fsr0h, status,2, status,0, btemp+1, pclath, cstack
 Tracked objects:
		On entry : 
		On exit  : 
		Unchanged: 
 Data sizes:     COMMON   BANK0   BANK1   BANK3   BANK2
      Params:         0       0       2       0       0
      Locals:         0       0       8       0       0
      Temps:          0       0       1       0       0
      Totals:         0       0      11       0       0
Total ram usage:       11 bytes
 Hardware stack levels used:    1
 Hardware stack levels required when called:    5
 This function calls:
		___awtoft
		___ftdiv
		___ftmul
		___fttol
		_pow
 This function is called by:
		_Process
 This function uses a non-reentrant model


 *************** function _pow *****************
 Defined at:
		line 5 in file "C:\Program Files (x86)\Microchip\xc8\v1.38\sources\common\pow.c"
 Parameters:    Size  Location     Type
  x               3   62[BANK0 ] int 
  y               3   65[BANK0 ] int 
 Auto vars:     Size  Location     Type
  yi              4   76[BANK0 ] unsigned long 
  sign            1   75[BANK0 ] unsigned char 
 Return value:  Size  Location     Type
                  3   62[BANK0 ] unsigned char 
 Registers used:
		wreg, fsr0l, fsr0h, status,2, status,0, btemp+1, pclath, cstack
 Tracked objects:
		On entry : 
		On exit  : 
		Unchanged: 
 Data sizes:     COMMON   BANK0   BANK1   BANK3   BANK2
      Params:         0       6       0       0       0
      Locals:         0      11       0       0       0
      Temps:          0       1       0       0       0
      Totals:         0      18       0       0       0
Total ram usage:       18 bytes
 Hardware stack levels used:    1
 Hardware stack levels required when called:    4
 This function calls:
		___ftge
		___ftmul
		___ftneg
		___fttol
		___lltoft
		_exp
		_log
 This function is called by:
		_analogRead
 This function uses a non-reentrant model


 *************** function _log *****************
 Defined at:
		line 5 in file "C:\Program Files (x86)\Microchip\xc8\v1.38\sources\common\log.c"
 Parameters:    Size  Location     Type
  x               3   39[BANK0 ] unsigned char 
 Auto vars:     Size  Location     Type
  exponent        2   43[BANK0 ] int 
 Return value:  Size  Location     Type
                  3   39[BANK0 ] int 
 Registers used:
		wreg, fsr0l, fsr0h, status,2, status,0, btemp+1, pclath, cstack
 Tracked objects:
		On entry : 
		On exit  : 
		Unchanged: 
 Data sizes:     COMMON   BANK0   BANK1   BANK3   BANK2
      Params:         0       3       0       0       0
      Locals:         0       2       0       0       0
      Temps:          0       1       0       0       0
      Totals:         0       6       0       0       0
Total ram usage:        6 bytes
 Hardware stack levels used:    1
 Hardware stack levels required when called:    3
 This function calls:
		___awtoft
		___ftadd
		___ftge
		___ftmul
		_eval_poly
		_frexp
 This function is called by:
		_pow
 This function uses a non-reentrant model


 *************** function _exp *****************
 Defined at:
		line 12 in file "C:\Program Files (x86)\Microchip\xc8\v1.38\sources\common\exp.c"
 Parameters:    Size  Location     Type
  x               3   49[BANK0 ] int 
 Auto vars:     Size  Location     Type
  exponent        2   59[BANK0 ] int 
  sign            1   61[BANK0 ] unsigned char 
 Return value:  Size  Location     Type
                  3   49[BANK0 ] unsigned char 
 Registers used:
		wreg, fsr0l, fsr0h, status,2, status,0, btemp+1, pclath, cstack
 Tracked objects:
		On entry : 
		On exit  : 
		Unchanged: 
 Data sizes:     COMMON   BANK0   BANK1   BANK3   BANK2
      Params:         0       3       0       0       0
      Locals:         0       9       0       0       0
      Temps:          0       1       0       0       0
      Totals:         0      13       0       0       0
Total ram usage:       13 bytes
 Hardware stack levels used:    1
 Hardware stack levels required when called:    3
 This function calls:
		___awtoft
		___ftdiv
		___ftge
		___ftmul
		___ftneg
		___ftsub
		___fttol
		_eval_poly
		_floor
		_ldexp
 This function is called by:
		_pow
 This function uses a non-reentrant model


 *************** function _ldexp *****************
 Defined at:
		line 277 in file "C:\Program Files (x86)\Microchip\xc8\v1.38\sources\common\frexp.c"
 Parameters:    Size  Location     Type
  value           3   39[BANK0 ] unsigned char 
  newexp          2   42[BANK0 ] int 
 Auto vars:     Size  Location     Type
		None
 Return value:  Size  Location     Type
                  3   39[BANK0 ] int 
 Registers used:
		wreg, status,2, status,0, btemp+1, pclath, cstack
 Tracked objects:
		On entry : 
		On exit  : 
		Unchanged: 
 Data sizes:     COMMON   BANK0   BANK1   BANK3   BANK2
      Params:         0       5       0       0       0
      Locals:         0       3       0       0       0
      Temps:          0       2       0       0       0
      Totals:         0      10       0       0       0
Total ram usage:       10 bytes
 Hardware stack levels used:    1
 Hardware stack levels required when called:    1
 This function calls:
		___ftge
		___ftneg
 This function is called by:
		_exp
 This function uses a non-reentrant model


 *************** function ___ftneg *****************
 Defined at:
		line 15 in file "C:\Program Files (x86)\Microchip\xc8\v1.38\sources\common\ftneg.c"
 Parameters:    Size  Location     Type
  f1              3    0[COMMON] float 
 Auto vars:     Size  Location     Type
		None
 Return value:  Size  Location     Type
                  3    0[COMMON] float 
 Registers used:
		wreg
 Tracked objects:
		On entry : 
		On exit  : 
		Unchanged: 
 Data sizes:     COMMON   BANK0   BANK1   BANK3   BANK2
      Params:         3       0       0       0       0
      Locals:         0       0       0       0       0
      Temps:          0       0       0       0       0
      Totals:         3       0       0       0       0
Total ram usage:        3 bytes
 Hardware stack levels used:    1
 This function calls:
		Nothing
 This function is called by:
		_pow
		_exp
		_ldexp
 This function uses a non-reentrant model


 *************** function _floor *****************
 Defined at:
		line 13 in file "C:\Program Files (x86)\Microchip\xc8\v1.38\sources\common\floor.c"
 Parameters:    Size  Location     Type
  x               3   38[BANK0 ] float 
 Auto vars:     Size  Location     Type
  i               3   42[BANK0 ] float 
  expon           2   45[BANK0 ] int 
 Return value:  Size  Location     Type
                  3   38[BANK0 ] int 
 Registers used:
		wreg, fsr0l, fsr0h, status,2, status,0, btemp+1, pclath, cstack
 Tracked objects:
		On entry : 
		On exit  : 
		Unchanged: 
 Data sizes:     COMMON   BANK0   BANK1   BANK3   BANK2
      Params:         0       3       0       0       0
      Locals:         0       5       0       0       0
      Temps:          0       1       0       0       0
      Totals:         0       9       0       0       0
Total ram usage:        9 bytes
 Hardware stack levels used:    1
 Hardware stack levels required when called:    2
 This function calls:
		___altoft
		___ftadd
		___ftge
		___fttol
		_frexp
 This function is called by:
		_exp
 This function uses a non-reentrant model


 *************** function _frexp *****************
 Defined at:
		line 254 in file "C:\Program Files (x86)\Microchip\xc8\v1.38\sources\common\frexp.c"
 Parameters:    Size  Location     Type
  value           3    0[COMMON] int 
  eptr            1    3[COMMON] PTR int 
		 -> log@exponent(2), floor@expon(2), 
 Auto vars:     Size  Location     Type
		None
 Return value:  Size  Location     Type
                  3    0[COMMON] PTR int 
 Registers used:
		wreg, fsr0l, fsr0h, status,2, status,0, btemp+1
 Tracked objects:
		On entry : 
		On exit  : 
		Unchanged: 
 Data sizes:     COMMON   BANK0   BANK1   BANK3   BANK2
      Params:         4       0       0       0       0
      Locals:         0       0       0       0       0
      Temps:          2       0       0       0       0
      Totals:         6       0       0       0       0
Total ram usage:        6 bytes
 Hardware stack levels used:    1
 This function calls:
		Nothing
 This function is called by:
		_floor
		_log
 This function uses a non-reentrant model


 *************** function ___fttol *****************
 Defined at:
		line 44 in file "C:\Program Files (x86)\Microchip\xc8\v1.38\sources\common\fttol.c"
 Parameters:    Size  Location     Type
  f1              3   16[BANK0 ] float 
 Auto vars:     Size  Location     Type
  lval            4   25[BANK0 ] unsigned long 
  exp1            1   29[BANK0 ] unsigned char 
  sign1           1   24[BANK0 ] unsigned char 
 Return value:  Size  Location     Type
                  4   16[BANK0 ] long 
 Registers used:
		wreg, status,2, status,0
 Tracked objects:
		On entry : 
		On exit  : 
		Unchanged: 
 Data sizes:     COMMON   BANK0   BANK1   BANK3   BANK2
      Params:         0       4       0       0       0
      Locals:         0       6       0       0       0
      Temps:          0       4       0       0       0
      Totals:         0      14       0       0       0
Total ram usage:       14 bytes
 Hardware stack levels used:    1
 This function calls:
		Nothing
 This function is called by:
		_analogRead
		_pow
		_exp
		_floor
 This function uses a non-reentrant model


 *************** function ___ftge *****************
 Defined at:
		line 4 in file "C:\Program Files (x86)\Microchip\xc8\v1.38\sources\common\ftge.c"
 Parameters:    Size  Location     Type
  ff1             3   16[BANK0 ] float 
  ff2             3   19[BANK0 ] float 
 Auto vars:     Size  Location     Type
		None
 Return value:  Size  Location     Type
		None               void
 Registers used:
		wreg, status,2, status,0
 Tracked objects:
		On entry : 
		On exit  : 
		Unchanged: 
 Data sizes:     COMMON   BANK0   BANK1   BANK3   BANK2
      Params:         0       6       0       0       0
      Locals:         0       0       0       0       0
      Temps:          0       6       0       0       0
      Totals:         0      12       0       0       0
Total ram usage:       12 bytes
 Hardware stack levels used:    1
 This function calls:
		Nothing
 This function is called by:
		_Process
		_pow
		_exp
		_floor
		_ldexp
		_log
 This function uses a non-reentrant model


 *************** function ___altoft *****************
 Defined at:
		line 42 in file "C:\Program Files (x86)\Microchip\xc8\v1.38\sources\common\altoft.c"
 Parameters:    Size  Location     Type
  c               4   30[BANK0 ] long 
 Auto vars:     Size  Location     Type
  sign            1   37[BANK0 ] unsigned char 
  exp             1   36[BANK0 ] unsigned char 
 Return value:  Size  Location     Type
                  3   30[BANK0 ] float 
 Registers used:
		wreg, status,2, status,0, pclath, cstack
 Tracked objects:
		On entry : 
		On exit  : 
		Unchanged: 
 Data sizes:     COMMON   BANK0   BANK1   BANK3   BANK2
      Params:         0       4       0       0       0
      Locals:         0       2       0       0       0
      Temps:          0       2       0       0       0
      Totals:         0       8       0       0       0
Total ram usage:        8 bytes
 Hardware stack levels used:    1
 Hardware stack levels required when called:    1
 This function calls:
		___ftpack
 This function is called by:
		_floor
 This function uses a non-reentrant model


 *************** function _eval_poly *****************
 Defined at:
		line 4 in file "C:\Program Files (x86)\Microchip\xc8\v1.38\sources\common\evalpoly.c"
 Parameters:    Size  Location     Type
  x               3   29[BANK0 ] float 
  d               1   32[BANK0 ] PTR const 
		 -> log@coeff(27), exp@coeff(30), 
  n               2   33[BANK0 ] int 
 Auto vars:     Size  Location     Type
  res             3   36[BANK0 ] int 
 Return value:  Size  Location     Type
                  3   29[BANK0 ] int 
 Registers used:
		wreg, fsr0l, fsr0h, status,2, status,0, pclath, cstack
 Tracked objects:
		On entry : 
		On exit  : 
		Unchanged: 
 Data sizes:     COMMON   BANK0   BANK1   BANK3   BANK2
      Params:         0       6       0       0       0
      Locals:         0       3       0       0       0
      Temps:          0       1       0       0       0
      Totals:         0      10       0       0       0
Total ram usage:       10 bytes
 Hardware stack levels used:    1
 Hardware stack levels required when called:    2
 This function calls:
		___bmul
		___ftadd
		___ftmul
 This function is called by:
		_exp
		_log
 This function uses a non-reentrant model


 *************** function ___ftmul *****************
 Defined at:
		line 62 in file "C:\Program Files (x86)\Microchip\xc8\v1.38\sources\common\ftmul.c"
 Parameters:    Size  Location     Type
  f1              3    0[BANK0 ] float 
  f2              3    3[BANK0 ] float 
 Auto vars:     Size  Location     Type
  f3_as_produc    3   11[BANK0 ] unsigned um
  sign            1   15[BANK0 ] unsigned char 
  cntr            1   14[BANK0 ] unsigned char 
  exp             1   10[BANK0 ] unsigned char 
 Return value:  Size  Location     Type
                  3    0[BANK0 ] float 
 Registers used:
		wreg, status,2, status,0, pclath, cstack
 Tracked objects:
		On entry : 
		On exit  : 
		Unchanged: 
 Data sizes:     COMMON   BANK0   BANK1   BANK3   BANK2
      Params:         0       6       0       0       0
      Locals:         0       6       0       0       0
      Temps:          0       4       0       0       0
      Totals:         0      16       0       0       0
Total ram usage:       16 bytes
 Hardware stack levels used:    1
 Hardware stack levels required when called:    1
 This function calls:
		___ftpack
 This function is called by:
		_analogRead
		_Process
		_pow
		_exp
		_log
		_eval_poly
 This function uses a non-reentrant model


 *************** function ___bmul *****************
 Defined at:
		line 4 in file "C:\Program Files (x86)\Microchip\xc8\v1.38\sources\common\Umul8.c"
 Parameters:    Size  Location     Type
  multiplier      1    wreg     unsigned char 
  multiplicand    1    0[COMMON] unsigned char 
 Auto vars:     Size  Location     Type
  multiplier      1    3[COMMON] unsigned char 
  product         1    2[COMMON] unsigned char 
 Return value:  Size  Location     Type
                  1    wreg      unsigned char 
 Registers used:
		wreg, status,2, status,0
 Tracked objects:
		On entry : 
		On exit  : 
		Unchanged: 
 Data sizes:     COMMON   BANK0   BANK1   BANK3   BANK2
      Params:         1       0       0       0       0
      Locals:         2       0       0       0       0
      Temps:          1       0       0       0       0
      Totals:         4       0       0       0       0
Total ram usage:        4 bytes
 Hardware stack levels used:    1
 This function calls:
		Nothing
 This function is called by:
		_eval_poly
 This function uses a non-reentrant model


 *************** function ___ftsub *****************
 Defined at:
		line 18 in file "C:\Program Files (x86)\Microchip\xc8\v1.38\sources\common\ftsub.c"
 Parameters:    Size  Location     Type
  f2              3   29[BANK0 ] float 
  f1              3   32[BANK0 ] float 
 Auto vars:     Size  Location     Type
		None
 Return value:  Size  Location     Type
                  3   29[BANK0 ] float 
 Registers used:
		wreg, status,2, status,0, pclath, cstack
 Tracked objects:
		On entry : 
		On exit  : 
		Unchanged: 
 Data sizes:     COMMON   BANK0   BANK1   BANK3   BANK2
      Params:         0       6       0       0       0
      Locals:         0       0       0       0       0
      Temps:          0       0       0       0       0
      Totals:         0       6       0       0       0
Total ram usage:        6 bytes
 Hardware stack levels used:    1
 Hardware stack levels required when called:    2
 This function calls:
		___ftadd
 This function is called by:
		_exp
 This function uses a non-reentrant model


 *************** function ___ftadd *****************
 Defined at:
		line 86 in file "C:\Program Files (x86)\Microchip\xc8\v1.38\sources\common\ftadd.c"
 Parameters:    Size  Location     Type
  f1              3   16[BANK0 ] float 
  f2              3   19[BANK0 ] float 
 Auto vars:     Size  Location     Type
  exp1            1   28[BANK0 ] unsigned char 
  exp2            1   27[BANK0 ] unsigned char 
  sign            1   26[BANK0 ] unsigned char 
 Return value:  Size  Location     Type
                  3   16[BANK0 ] float 
 Registers used:
		wreg, status,2, status,0, pclath, cstack
 Tracked objects:
		On entry : 
		On exit  : 
		Unchanged: 
 Data sizes:     COMMON   BANK0   BANK1   BANK3   BANK2
      Params:         0       6       0       0       0
      Locals:         0       3       0       0       0
      Temps:          0       4       0       0       0
      Totals:         0      13       0       0       0
Total ram usage:       13 bytes
 Hardware stack levels used:    1
 Hardware stack levels required when called:    1
 This function calls:
		___ftpack
 This function is called by:
		___ftsub
		_floor
		_log
		_eval_poly
 This function uses a non-reentrant model


 *************** function ___ftdiv *****************
 Defined at:
		line 56 in file "C:\Program Files (x86)\Microchip\xc8\v1.38\sources\common\ftdiv.c"
 Parameters:    Size  Location     Type
  f2              3   16[BANK0 ] float 
  f1              3   19[BANK0 ] float 
 Auto vars:     Size  Location     Type
  f3              3   27[BANK0 ] float 
  sign            1   31[BANK0 ] unsigned char 
  exp             1   30[BANK0 ] unsigned char 
  cntr            1   26[BANK0 ] unsigned char 
 Return value:  Size  Location     Type
                  3   16[BANK0 ] float 
 Registers used:
		wreg, status,2, status,0, pclath, cstack
 Tracked objects:
		On entry : 
		On exit  : 
		Unchanged: 
 Data sizes:     COMMON   BANK0   BANK1   BANK3   BANK2
      Params:         0       6       0       0       0
      Locals:         0       6       0       0       0
      Temps:          0       4       0       0       0
      Totals:         0      16       0       0       0
Total ram usage:       16 bytes
 Hardware stack levels used:    1
 Hardware stack levels required when called:    1
 This function calls:
		___ftpack
 This function is called by:
		_analogRead
		_exp
 This function uses a non-reentrant model


 *************** function ___awtoft *****************
 Defined at:
		line 32 in file "C:\Program Files (x86)\Microchip\xc8\v1.38\sources\common\awtoft.c"
 Parameters:    Size  Location     Type
  c               2    8[COMMON] int 
 Auto vars:     Size  Location     Type
  sign            1   13[COMMON] unsigned char 
 Return value:  Size  Location     Type
                  3    8[COMMON] float 
 Registers used:
		wreg, status,2, status,0, pclath, cstack
 Tracked objects:
		On entry : 
		On exit  : 
		Unchanged: 
 Data sizes:     COMMON   BANK0   BANK1   BANK3   BANK2
      Params:         3       0       0       0       0
      Locals:         1       0       0       0       0
      Temps:          2       0       0       0       0
      Totals:         6       0       0       0       0
Total ram usage:        6 bytes
 Hardware stack levels used:    1
 Hardware stack levels required when called:    1
 This function calls:
		___ftpack
 This function is called by:
		_analogRead
		_Process
		_exp
		_log
 This function uses a non-reentrant model


 *************** function ___lltoft *****************
 Defined at:
		line 35 in file "C:\Program Files (x86)\Microchip\xc8\v1.38\sources\common\lltoft.c"
 Parameters:    Size  Location     Type
  c               4    8[COMMON] unsigned long 
 Auto vars:     Size  Location     Type
  exp             1   13[COMMON] unsigned char 
 Return value:  Size  Location     Type
                  3    8[COMMON] float 
 Registers used:
		wreg, status,2, status,0, pclath, cstack
 Tracked objects:
		On entry : 
		On exit  : 
		Unchanged: 
 Data sizes:     COMMON   BANK0   BANK1   BANK3   BANK2
      Params:         4       0       0       0       0
      Locals:         1       0       0       0       0
      Temps:          1       0       0       0       0
      Totals:         6       0       0       0       0
Total ram usage:        6 bytes
 Hardware stack levels used:    1
 Hardware stack levels required when called:    1
 This function calls:
		___ftpack
 This function is called by:
		_pow
 This function uses a non-reentrant model


 *************** function ___ftpack *****************
 Defined at:
		line 62 in file "C:\Program Files (x86)\Microchip\xc8\v1.38\sources\common\float.c"
 Parameters:    Size  Location     Type
  arg             3    0[COMMON] unsigned um
  exp             1    3[COMMON] unsigned char 
  sign            1    4[COMMON] unsigned char 
 Auto vars:     Size  Location     Type
		None
 Return value:  Size  Location     Type
                  3    0[COMMON] float 
 Registers used:
		wreg, status,2, status,0
 Tracked objects:
		On entry : 
		On exit  : 
		Unchanged: 
 Data sizes:     COMMON   BANK0   BANK1   BANK3   BANK2
      Params:         5       0       0       0       0
      Locals:         0       0       0       0       0
      Temps:          3       0       0       0       0
      Totals:         8       0       0       0       0
Total ram usage:        8 bytes
 Hardware stack levels used:    1
 This function calls:
		Nothing
 This function is called by:
		___altoft
		___awtoft
		___ftadd
		___ftdiv
		___ftmul
		___lltoft
 This function uses a non-reentrant model


 *************** function ___awdiv *****************
 Defined at:
		line 6 in file "C:\Program Files (x86)\Microchip\xc8\v1.38\sources\common\awdiv.c"
 Parameters:    Size  Location     Type
  divisor         2    0[COMMON] int 
  dividend        2    2[COMMON] int 
 Auto vars:     Size  Location     Type
  quotient        2    7[COMMON] int 
  sign            1    6[COMMON] unsigned char 
  counter         1    5[COMMON] unsigned char 
 Return value:  Size  Location     Type
                  2    0[COMMON] int 
 Registers used:
		wreg, status,2, status,0
 Tracked objects:
		On entry : 
		On exit  : 
		Unchanged: 
 Data sizes:     COMMON   BANK0   BANK1   BANK3   BANK2
      Params:         4       0       0       0       0
      Locals:         4       0       0       0       0
      Temps:          1       0       0       0       0
      Totals:         9       0       0       0       0
Total ram usage:        9 bytes
 Hardware stack levels used:    1
 This function calls:
		Nothing
 This function is called by:
		_Process
		_main
 This function uses a non-reentrant model


 *************** function _Lcd_Write_String *****************
 Defined at:
		line 97 in file "lcd.h"
 Parameters:    Size  Location     Type
  a               1    wreg     PTR unsigned char 
		 -> STR_3(12), STR_2(13), STR_1(13), 
 Auto vars:     Size  Location     Type
  a               1    7[COMMON] PTR unsigned char 
		 -> STR_3(12), STR_2(13), STR_1(13), 
  i               2    5[COMMON] int 
 Return value:  Size  Location     Type
                  1    wreg      void 
 Registers used:
		wreg, fsr0l, fsr0h, status,2, status,0, pclath, cstack
 Tracked objects:
		On entry : 
		On exit  : 
		Unchanged: 
 Data sizes:     COMMON   BANK0   BANK1   BANK3   BANK2
      Params:         0       0       0       0       0
      Locals:         3       0       0       0       0
      Temps:          0       0       0       0       0
      Totals:         3       0       0       0       0
Total ram usage:        3 bytes
 Hardware stack levels used:    1
 Hardware stack levels required when called:    2
 This function calls:
		_Lcd_Write_Char
 This function is called by:
		_main
 This function uses a non-reentrant model


 *************** function _Lcd_Write_Char *****************
 Defined at:
		line 81 in file "lcd.h"
 Parameters:    Size  Location     Type
  a               1    wreg     unsigned char 
 Auto vars:     Size  Location     Type
  a               1    4[COMMON] unsigned char 
  y               1    3[COMMON] unsigned char 
  temp            1    2[COMMON] unsigned char 
 Return value:  Size  Location     Type
                  1    wreg      void 
 Registers used:
		wreg, status,2, status,0, pclath, cstack
 Tracked objects:
		On entry : 
		On exit  : 
		Unchanged: 
 Data sizes:     COMMON   BANK0   BANK1   BANK3   BANK2
      Params:         0       0       0       0       0
      Locals:         3       0       0       0       0
      Temps:          1       0       0       0       0
      Totals:         4       0       0       0       0
Total ram usage:        4 bytes
 Hardware stack levels used:    1
 Hardware stack levels required when called:    1
 This function calls:
		_Lcd_Port
 This function is called by:
		_Lcd_Write_String
		_main
 This function uses a non-reentrant model


 *************** function _Lcd_Set_Cursor *****************
 Defined at:
		line 41 in file "lcd.h"
 Parameters:    Size  Location     Type
  a               1    wreg     unsigned char 
  b               1    4[COMMON] unsigned char 
 Auto vars:     Size  Location     Type
  a               1    7[COMMON] unsigned char 
  temp            1   10[COMMON] unsigned char 
  y               1    9[COMMON] unsigned char 
  z               1    8[COMMON] unsigned char 
 Return value:  Size  Location     Type
                  1    wreg      void 
 Registers used:
		wreg, status,2, status,0, pclath, cstack
 Tracked objects:
		On entry : 
		On exit  : 
		Unchanged: 
 Data sizes:     COMMON   BANK0   BANK1   BANK3   BANK2
      Params:         1       0       0       0       0
      Locals:         4       0       0       0       0
      Temps:          2       0       0       0       0
      Totals:         7       0       0       0       0
Total ram usage:        7 bytes
 Hardware stack levels used:    1
 Hardware stack levels required when called:    2
 This function calls:
		_Lcd_Cmd
 This function is called by:
		_main
 This function uses a non-reentrant model


 *************** function _Lcd_Init *****************
 Defined at:
		line 62 in file "lcd.h"
 Parameters:    Size  Location     Type
		None
 Auto vars:     Size  Location     Type
		None
 Return value:  Size  Location     Type
                  1    wreg      void 
 Registers used:
		wreg, status,2, status,0, pclath, cstack
 Tracked objects:
		On entry : 
		On exit  : 
		Unchanged: 
 Data sizes:     COMMON   BANK0   BANK1   BANK3   BANK2
      Params:         0       0       0       0       0
      Locals:         0       0       0       0       0
      Temps:          2       0       0       0       0
      Totals:         2       0       0       0       0
Total ram usage:        2 bytes
 Hardware stack levels used:    1
 Hardware stack levels required when called:    2
 This function calls:
		_Lcd_Cmd
		_Lcd_Port
 This function is called by:
		_main
 This function uses a non-reentrant model


 *************** function _Lcd_Clear *****************
 Defined at:
		line 35 in file "lcd.h"
 Parameters:    Size  Location     Type
		None
 Auto vars:     Size  Location     Type
		None
 Return value:  Size  Location     Type
                  2   52[None  ] int 
 Registers used:
		wreg, status,2, status,0, pclath, cstack
 Tracked objects:
		On entry : 
		On exit  : 
		Unchanged: 
 Data sizes:     COMMON   BANK0   BANK1   BANK3   BANK2
      Params:         0       0       0       0       0
      Locals:         0       0       0       0       0
      Temps:          0       0       0       0       0
      Totals:         0       0       0       0       0
Total ram usage:        0 bytes
 Hardware stack levels used:    1
 Hardware stack levels required when called:    2
 This function calls:
		_Lcd_Cmd
 This function is called by:
		_main
 This function uses a non-reentrant model


 *************** function _Lcd_Cmd *****************
 Defined at:
		line 26 in file "lcd.h"
 Parameters:    Size  Location     Type
  a               1    wreg     unsigned char 
 Auto vars:     Size  Location     Type
  a               1    3[COMMON] unsigned char 
 Return value:  Size  Location     Type
                  1    wreg      void 
 Registers used:
		wreg, status,2, status,0, pclath, cstack
 Tracked objects:
		On entry : 
		On exit  : 
		Unchanged: 
 Data sizes:     COMMON   BANK0   BANK1   BANK3   BANK2
      Params:         0       0       0       0       0
      Locals:         1       0       0       0       0
      Temps:          2       0       0       0       0
      Totals:         3       0       0       0       0
Total ram usage:        3 bytes
 Hardware stack levels used:    1
 Hardware stack levels required when called:    1
 This function calls:
		_Lcd_Port
 This function is called by:
		_Lcd_Clear
		_Lcd_Set_Cursor
		_Lcd_Init
		_Lcd_Shift_Right
		_Lcd_Shift_Left
 This function uses a non-reentrant model


 *************** function _Lcd_Port *****************
 Defined at:
		line 4 in file "lcd.h"
 Parameters:    Size  Location     Type
  a               1    wreg     unsigned char 
 Auto vars:     Size  Location     Type
  a               1    0[COMMON] unsigned char 
 Return value:  Size  Location     Type
                  1    wreg      void 
 Registers used:
		wreg
 Tracked objects:
		On entry : 
		On exit  : 
		Unchanged: 
 Data sizes:     COMMON   BANK0   BANK1   BANK3   BANK2
      Params:         0       0       0       0       0
      Locals:         1       0       0       0       0
      Temps:          0       0       0       0       0
      Totals:         1       0       0       0       0
Total ram usage:        1 bytes
 Hardware stack levels used:    1
 This function calls:
		Nothing
 This function is called by:
		_Lcd_Cmd
		_Lcd_Init
		_Lcd_Write_Char
 This function uses a non-reentrant model



MODULE INFORMATION

Module		Function		Class		Link	Load	Size
C:\Program Files (x86)\Microchip\xc8\v1.38\sources\common\log.c
		_log           		CODE           	01BD	0000	207

C:\Program Files (x86)\Microchip\xc8\v1.38\sources\common\log.c estimated size: 207

C:\Program Files (x86)\Microchip\xc8\v1.38\sources\common\ftsub.c
		___ftsub       		CODE           	0A1F	0000	34

C:\Program Files (x86)\Microchip\xc8\v1.38\sources\common\ftsub.c estimated size: 34

C:\Program Files (x86)\Microchip\xc8\v1.38\sources\common\float.c
		___ftpack      		CODE           	0CB7	0000	109

C:\Program Files (x86)\Microchip\xc8\v1.38\sources\common\float.c estimated size: 109

sharp.c
		_main          		CODE           	055F	0000	309

sharp.c estimated size: 309

C:\Program Files (x86)\Microchip\xc8\v1.38\sources\common\awmod.c
		___awmod       		CODE           	0B59	0000	76

C:\Program Files (x86)\Microchip\xc8\v1.38\sources\common\awmod.c estimated size: 76

C:\Program Files (x86)\Microchip\xc8\v1.38\sources\common\pow.c
		_pow           		CODE           	035E	0000	249

C:\Program Files (x86)\Microchip\xc8\v1.38\sources\common\pow.c estimated size: 249

C:\Program Files (x86)\Microchip\xc8\v1.38\sources\common\frexp.c
		_ldexp         		CODE           	0EC3	0000	154
		_frexp         		CODE           	0A8D	0000	65

C:\Program Files (x86)\Microchip\xc8\v1.38\sources\common\frexp.c estimated size: 219

C:\Program Files (x86)\Microchip\xc8\v1.38\sources\common\floor.c
		_floor         		CODE           	0E2A	0000	154

C:\Program Files (x86)\Microchip\xc8\v1.38\sources\common\floor.c estimated size: 154

C:\Program Files (x86)\Microchip\xc8\v1.38\sources\common\ftmul.c
		___ftmul       		CODE           	028B	0000	212

C:\Program Files (x86)\Microchip\xc8\v1.38\sources\common\ftmul.c estimated size: 212

C:\Program Files (x86)\Microchip\xc8\v1.38\sources\common\ftdiv.c
		___ftdiv       		CODE           	0042	0000	185

C:\Program Files (x86)\Microchip\xc8\v1.38\sources\common\ftdiv.c estimated size: 185

C:\Program Files (x86)\Microchip\xc8\v1.38\sources\common\awdiv.c
		___awdiv       		CODE           	0BA4	0000	90

C:\Program Files (x86)\Microchip\xc8\v1.38\sources\common\awdiv.c estimated size: 90

C:\Program Files (x86)\Microchip\xc8\v1.38\sources\common\Umul8.c
		___bmul        		CODE           	099D	0000	18

C:\Program Files (x86)\Microchip\xc8\v1.38\sources\common\Umul8.c estimated size: 18

C:\Program Files (x86)\Microchip\xc8\v1.38\sources\common\fttol.c
		___fttol       		CODE           	0D9C	0000	143

C:\Program Files (x86)\Microchip\xc8\v1.38\sources\common\fttol.c estimated size: 143

shared
		exp@coeff      		STRING         	0806	0000	31
		__stringtab    		STRING         	0800	0000	7
		__initialization		CODE           	07DA	0000	35
		log@coeff      		STRING         	0824	0000	28

shared estimated size: 101

C:\Program Files (x86)\Microchip\xc8\v1.38\sources\common\awtoft.c
		___awtoft      		CODE           	09FE	0000	34

C:\Program Files (x86)\Microchip\xc8\v1.38\sources\common\awtoft.c estimated size: 34

C:\Program Files (x86)\Microchip\xc8\v1.38\sources\common\altoft.c
		___altoft      		CODE           	0ACD	0000	67

C:\Program Files (x86)\Microchip\xc8\v1.38\sources\common\altoft.c estimated size: 67

SharpIR.h
		_Sharp_Init    		CODE           	09E2	0000	29
		_Process       		CODE           	0F5C	0000	165
		_analogRead    		CODE           	00FA	0000	196

SharpIR.h estimated size: 390

C:\Program Files (x86)\Microchip\xc8\v1.38\sources\common\ftadd.c
		___ftadd       		CODE           	0456	0000	266

C:\Program Files (x86)\Microchip\xc8\v1.38\sources\common\ftadd.c estimated size: 266

C:\Program Files (x86)\Microchip\xc8\v1.38\sources\common\exp.c
		_exp           		CODE           	0693	0000	328

C:\Program Files (x86)\Microchip\xc8\v1.38\sources\common\exp.c estimated size: 328

lcd.h
		_Lcd_Write_String		CODE           	0A40	0000	35
		_Lcd_Init      		CODE           	0BFD	0000	92
		_Lcd_Write_Char		CODE           	0009	0000	58
		_Lcd_Cmd       		CODE           	09C8	0000	27
		_Lcd_Set_Cursor		CODE           	0B0F	0000	75
		_Lcd_Clear     		CODE           	0992	0000	12
		_Lcd_Port      		CODE           	09AE	0000	27

lcd.h estimated size: 326

C:\Program Files (x86)\Microchip\xc8\v1.38\sources\common\evalpoly.c
		_eval_poly     		CODE           	0D23	0000	122

C:\Program Files (x86)\Microchip\xc8\v1.38\sources\common\evalpoly.c estimated size: 122

C:\Program Files (x86)\Microchip\xc8\v1.38\sources\common\lltoft.c
		___lltoft      		CODE           	0A62	0000	44

C:\Program Files (x86)\Microchip\xc8\v1.38\sources\common\lltoft.c estimated size: 44

C:\Program Files (x86)\Microchip\xc8\v1.38\sources\common\ftge.c
		___ftge        		CODE           	0C58	0000	96

C:\Program Files (x86)\Microchip\xc8\v1.38\sources\common\ftge.c estimated size: 96

C:\Program Files (x86)\Microchip\xc8\v1.38\sources\common\ftneg.c
		___ftneg       		CODE           	098A	0000	9

C:\Program Files (x86)\Microchip\xc8\v1.38\sources\common\ftneg.c estimated size: 9

